MPLINK 5.08, LINKER
Linker Map File - Created Thu Nov 10 20:06:36 2016

                                 Section Info
                  Section       Type    Address   Location Size(Bytes)
                ---------  ---------  ---------  ---------  ---------
                   .org_0       code   0x000000    program   0x000086
                   .cinit    romdata   0x000086    program   0x000002
.config_300000_BUILD/DEFAULT/PRODUCTION/KB_MAT.    romdata   0x300000    program   0x000001
.config_300001_BUILD/DEFAULT/PRODUCTION/KB_MAT.    romdata   0x300001    program   0x000001
.config_300002_BUILD/DEFAULT/PRODUCTION/KB_MAT.    romdata   0x300002    program   0x000001
.config_300003_BUILD/DEFAULT/PRODUCTION/KB_MAT.    romdata   0x300003    program   0x000001
.config_300005_BUILD/DEFAULT/PRODUCTION/KB_MAT.    romdata   0x300005    program   0x000001
.config_300006_BUILD/DEFAULT/PRODUCTION/KB_MAT.    romdata   0x300006    program   0x000001
.config_300008_BUILD/DEFAULT/PRODUCTION/KB_MAT.    romdata   0x300008    program   0x000001
.config_300009_BUILD/DEFAULT/PRODUCTION/KB_MAT.    romdata   0x300009    program   0x000001
.config_30000A_BUILD/DEFAULT/PRODUCTION/KB_MAT.    romdata   0x30000a    program   0x000001
.config_30000B_BUILD/DEFAULT/PRODUCTION/KB_MAT.    romdata   0x30000b    program   0x000001
.config_30000C_BUILD/DEFAULT/PRODUCTION/KB_MAT.    romdata   0x30000c    program   0x000001
.config_30000D_BUILD/DEFAULT/PRODUCTION/KB_MAT.    romdata   0x30000d    program   0x000001



                              Program Memory Usage 
                               Start         End      
                           ---------   ---------      
                            0x000000    0x000087      
                            0x300000    0x300003      
                            0x300005    0x300006      
                            0x300008    0x30000d      
            148 out of 33048 program addresses used, program memory utilization is 0%



                              Symbols - Sorted by Name
                     Name    Address   Location    Storage File                     
                ---------  ---------  ---------  --------- ---------                
                    CHECK   0x00002e    program     static C:\Users\luis\Documents\Microprocesadores\matKey.X\KB_mat.asm
                     COL2   0x00003a    program     static C:\Users\luis\Documents\Microprocesadores\matKey.X\KB_mat.asm
                     COL3   0x00004a    program     static C:\Users\luis\Documents\Microprocesadores\matKey.X\KB_mat.asm
                     COL4   0x00005a    program     static C:\Users\luis\Documents\Microprocesadores\matKey.X\KB_mat.asm
                     MAIN   0x000026    program     static C:\Users\luis\Documents\Microprocesadores\matKey.X\KB_mat.asm
                  REFRESH   0x00006a    program     static C:\Users\luis\Documents\Microprocesadores\matKey.X\KB_mat.asm
                  RESTART   0x00007e    program     static C:\Users\luis\Documents\Microprocesadores\matKey.X\KB_mat.asm



                              Symbols - Sorted by Address
                     Name    Address   Location    Storage File                     
                ---------  ---------  ---------  --------- ---------                
                     MAIN   0x000026    program     static C:\Users\luis\Documents\Microprocesadores\matKey.X\KB_mat.asm
                    CHECK   0x00002e    program     static C:\Users\luis\Documents\Microprocesadores\matKey.X\KB_mat.asm
                     COL2   0x00003a    program     static C:\Users\luis\Documents\Microprocesadores\matKey.X\KB_mat.asm
                     COL3   0x00004a    program     static C:\Users\luis\Documents\Microprocesadores\matKey.X\KB_mat.asm
                     COL4   0x00005a    program     static C:\Users\luis\Documents\Microprocesadores\matKey.X\KB_mat.asm
                  REFRESH   0x00006a    program     static C:\Users\luis\Documents\Microprocesadores\matKey.X\KB_mat.asm
                  RESTART   0x00007e    program     static C:\Users\luis\Documents\Microprocesadores\matKey.X\KB_mat.asm


